root@J18> ping 172.14.1.1 count 3 
PING 172.14.1.1 (172.14.1.1): 56 data bytes
64 bytes from 172.14.1.1: icmp_seq=0 ttl=63 time=3.115 ms
64 bytes from 172.14.1.1: icmp_seq=1 ttl=63 time=2.708 ms
64 bytes from 172.14.1.1: icmp_seq=2 ttl=63 time=2.934 ms

--- 172.14.1.1 ping statistics ---
3 packets transmitted, 3 packets received, 0% packet loss
round-trip min/avg/max/stddev = 2.708/2.919/3.115/0.166 ms

root@J18> 

root@J18> ping 172.14.2.1 count 3    
PING 172.14.2.1 (172.14.2.1): 56 data bytes
64 bytes from 172.14.2.1: icmp_seq=0 ttl=63 time=2.409 ms
64 bytes from 172.14.2.1: icmp_seq=1 ttl=63 time=2.163 ms
64 bytes from 172.14.2.1: icmp_seq=2 ttl=63 time=2.218 ms

--- 172.14.2.1 ping statistics ---
3 packets transmitted, 3 packets received, 0% packet loss
round-trip min/avg/max/stddev = 2.163/2.263/2.409/0.105 ms

root@J18> 

root@J18> ping 172.14.3.1 count 3    
PING 172.14.3.1 (172.14.3.1): 56 data bytes
64 bytes from 172.14.3.1: icmp_seq=0 ttl=63 time=2.319 ms
64 bytes from 172.14.3.1: icmp_seq=1 ttl=63 time=3.323 ms
64 bytes from 172.14.3.1: icmp_seq=2 ttl=63 time=2.261 ms

--- 172.14.3.1 ping statistics ---
3 packets transmitted, 3 packets received, 0% packet loss
round-trip min/avg/max/stddev = 2.261/2.634/3.323/0.488 ms

root@J18> 

root@J18> ping 172.14.4.1 count 3    
PING 172.14.4.1 (172.14.4.1): 56 data bytes
64 bytes from 172.14.4.1: icmp_seq=0 ttl=63 time=2.779 ms
64 bytes from 172.14.4.1: icmp_seq=1 ttl=63 time=2.537 ms
64 bytes from 172.14.4.1: icmp_seq=2 ttl=63 time=2.784 ms

--- 172.14.4.1 ping statistics ---
3 packets transmitted, 3 packets received, 0% packet loss
round-trip min/avg/max/stddev = 2.537/2.700/2.784/0.115 ms

root@J18> 

root@J18> ping 172.14.5.1 count 3    
PING 172.14.5.1 (172.14.5.1): 56 data bytes
64 bytes from 172.14.5.1: icmp_seq=0 ttl=63 time=2.023 ms
64 bytes from 172.14.5.1: icmp_seq=1 ttl=63 time=2.191 ms
64 bytes from 172.14.5.1: icmp_seq=2 ttl=63 time=2.255 ms

--- 172.14.5.1 ping statistics ---
3 packets transmitted, 3 packets received, 0% packet loss
round-trip min/avg/max/stddev = 2.023/2.156/2.255/0.098 ms

root@J18> 

root@J18> traceroute 172.14.1.1      
traceroute to 172.14.1.1 (172.14.1.1), 30 hops max, 40 byte packets
 1  10.10.18.10 (10.10.18.10)  1.121 ms  0.691 ms  0.629 ms
 2  10.3.10.3 (10.3.10.3)  1.927 ms  1.862 ms  1.501 ms
     MPLS Label=300432 CoS=0 TTL=1 S=0
     MPLS Label=17 CoS=0 TTL=1 S=1
 3  10.2.3.2 (10.2.3.2)  2.133 ms  2.103 ms  1.769 ms
     MPLS Label=299968 CoS=0 TTL=1 S=0
     MPLS Label=17 CoS=0 TTL=2 S=1
 4  172.14.1.1 (172.14.1.1)  3.020 ms  2.352 ms  2.357 ms

root@J18> 

root@J18> traceroute 172.14.2.1    
traceroute to 172.14.2.1 (172.14.2.1), 30 hops max, 40 byte packets
 1  10.10.18.10 (10.10.18.10)  0.725 ms  0.751 ms  0.961 ms
 2  10.3.10.3 (10.3.10.3)  2.085 ms  1.649 ms  1.490 ms
     MPLS Label=300432 CoS=0 TTL=1 S=0
     MPLS Label=17 CoS=0 TTL=1 S=1
 3  10.2.3.2 (10.2.3.2)  1.666 ms  1.963 ms  1.638 ms
     MPLS Label=299968 CoS=0 TTL=1 S=0
     MPLS Label=17 CoS=0 TTL=2 S=1
 4  172.14.2.1 (172.14.2.1)  3.550 ms  1.902 ms  2.286 ms

root@J18> 

root@J18> traceroute 172.14.3.1    
traceroute to 172.14.3.1 (172.14.3.1), 30 hops max, 40 byte packets
 1  10.10.18.10 (10.10.18.10)  0.620 ms  1.519 ms  0.519 ms
 2  10.3.10.3 (10.3.10.3)  2.205 ms  2.031 ms  1.741 ms
     MPLS Label=300432 CoS=0 TTL=1 S=0
     MPLS Label=17 CoS=0 TTL=1 S=1
 3  10.2.3.2 (10.2.3.2)  1.523 ms  2.356 ms  1.673 ms
     MPLS Label=299968 CoS=0 TTL=1 S=0
     MPLS Label=17 CoS=0 TTL=2 S=1
 4  172.14.3.1 (172.14.3.1)  2.878 ms  1.829 ms  2.273 ms

root@J18>                          

root@J18> traceroute 172.14.4.1    
traceroute to 172.14.4.1 (172.14.4.1), 30 hops max, 40 byte packets
 1  10.10.18.10 (10.10.18.10)  1.452 ms  0.652 ms  0.619 ms
 2  10.3.10.3 (10.3.10.3)  1.674 ms  2.542 ms  2.209 ms
     MPLS Label=300432 CoS=0 TTL=1 S=0
     MPLS Label=17 CoS=0 TTL=1 S=1
 3  10.2.3.2 (10.2.3.2)  1.838 ms  1.897 ms  3.318 ms
     MPLS Label=299968 CoS=0 TTL=1 S=0
     MPLS Label=17 CoS=0 TTL=2 S=1
 4  172.14.4.1 (172.14.4.1)  1.993 ms  1.985 ms  1.951 ms

root@J18> 

root@J18> traceroute 172.14.5.1    
traceroute to 172.14.5.1 (172.14.5.1), 30 hops max, 40 byte packets
 1  10.10.18.10 (10.10.18.10)  1.835 ms  1.820 ms  1.020 ms
 2  10.3.10.3 (10.3.10.3)  1.816 ms  2.020 ms  2.618 ms
     MPLS Label=300432 CoS=0 TTL=1 S=0
     MPLS Label=17 CoS=0 TTL=1 S=1
 3  10.2.3.2 (10.2.3.2)  1.538 ms  3.289 ms  2.426 ms
     MPLS Label=299968 CoS=0 TTL=1 S=0
     MPLS Label=17 CoS=0 TTL=2 S=1
 4  172.14.5.1 (172.14.5.1)  2.083 ms  1.841 ms  1.808 ms

root@J18> 

root@J18> 

root@J18> show route 

inet.0: 23 destinations, 33 routes (23 active, 0 holddown, 0 hidden)
+ = Active Route, - = Last Active, * = Both

10.0.0.14/32       *[BGP/170] 00:19:05, localpref 100
                      AS path: 10 65535 5 14 I
                    > to 10.10.18.10 via em0.0
                    [BGP/170] 00:19:01, localpref 100
                      AS path: 9 65535 5 14 I
                    > to 10.9.18.9 via em1.0
10.0.0.18/32       *[Direct/0] 00:19:04
                    > via lo0.0
10.5.14.0/24       *[BGP/170] 00:19:05, localpref 100
                      AS path: 10 65535 I
                    > to 10.10.18.10 via em0.0
                    [BGP/170] 00:19:01, localpref 100
                      AS path: 9 65535 I
                    > to 10.9.18.9 via em1.0
10.6.14.0/24       *[BGP/170] 00:19:05, localpref 100
                      AS path: 10 65535 I
                    > to 10.10.18.10 via em0.0
                    [BGP/170] 00:19:01, localpref 100
                      AS path: 9 65535 I
                    > to 10.9.18.9 via em1.0
10.9.18.0/24       *[Direct/0] 00:19:09
                    > via em1.0
                    [BGP/170] 00:19:05, localpref 100
                      AS path: 10 65535 I
                    > to 10.10.18.10 via em0.0
10.9.18.18/32      *[Local/0] 00:19:09
                      Local via em1.0
10.10.18.0/24      *[Direct/0] 00:19:10
                    > via em0.0
                    [BGP/170] 00:19:01, localpref 100
                      AS path: 9 65535 I
                    > to 10.9.18.9 via em1.0
10.10.18.18/32     *[Local/0] 00:19:10
                      Local via em0.0
172.14.1.0/24      *[BGP/170] 00:19:05, localpref 100
                      AS path: 10 65535 5 14 I
                    > to 10.10.18.10 via em0.0
                    [BGP/170] 00:19:01, localpref 100
                      AS path: 9 65535 5 14 I
                    > to 10.9.18.9 via em1.0
172.14.2.0/24      *[BGP/170] 00:19:05, localpref 100
                      AS path: 10 65535 5 14 I
                    > to 10.10.18.10 via em0.0
                    [BGP/170] 00:19:01, localpref 100
                      AS path: 9 65535 5 14 I
                    > to 10.9.18.9 via em1.0
172.14.3.0/24      *[BGP/170] 00:19:05, localpref 100
                      AS path: 10 65535 5 14 I
                    > to 10.10.18.10 via em0.0
                    [BGP/170] 00:19:01, localpref 100
                      AS path: 9 65535 5 14 I
                    > to 10.9.18.9 via em1.0
172.14.4.0/24      *[BGP/170] 00:19:05, localpref 100
                      AS path: 10 65535 5 14 I
                    > to 10.10.18.10 via em0.0
                    [BGP/170] 00:19:01, localpref 100
                      AS path: 9 65535 5 14 I
                    > to 10.9.18.9 via em1.0
172.14.5.0/24      *[BGP/170] 00:19:05, localpref 100
                      AS path: 10 65535 5 14 I
                    > to 10.10.18.10 via em0.0
                    [BGP/170] 00:19:01, localpref 100
                      AS path: 9 65535 5 14 I
                    > to 10.9.18.9 via em1.0
172.18.1.0/24      *[Direct/0] 00:19:04
                    > via lo0.0         
172.18.1.1/32      *[Local/0] 00:19:04
                      Local via lo0.0
172.18.2.0/24      *[Direct/0] 00:19:04
                    > via lo0.0
172.18.2.1/32      *[Local/0] 00:19:04
                      Local via lo0.0
172.18.3.0/24      *[Direct/0] 00:19:04
                    > via lo0.0
172.18.3.1/32      *[Local/0] 00:19:04
                      Local via lo0.0
172.18.4.0/24      *[Direct/0] 00:19:04
                    > via lo0.0
172.18.4.1/32      *[Local/0] 00:19:04
                      Local via lo0.0
172.18.5.0/24      *[Direct/0] 00:19:04
                    > via lo0.0
172.18.5.1/32      *[Local/0] 00:19:04
                      Local via lo0.0

root@J18> 

root@J18> 


root@J18> show bgp summary 
Groups: 1 Peers: 2 Down peers: 0
Table          Tot Paths  Act Paths Suppressed    History Damp State    Pending
inet.0                18          8          0          0          0          0
Peer                     AS      InPkt     OutPkt    OutQ   Flaps Last Up/Dwn State|#Active/Received/Accepted/Damped...
10.9.18.9                 9         66         48       0       0       19:34 0/9/9/0              0/0/0/0
10.10.18.10              10         64         53       0       0       19:38 8/9/9/0              0/0/0/0

root@J18> show bgp neighbor 
Peer: 10.9.18.9+179 AS 9       Local: 10.9.18.18+57435 AS 18   
  Type: External    State: Established    Flags: <ImportEval Sync>
  Last State: OpenConfirm   Last Event: RecvKeepAlive
  Last Error: None
  Export: [ REDISTRIBUTE-TO-BGP ] 
  Options: <Preference PeerAS LocalAS Refresh>
  Holdtime: 90 Preference: 170 Local AS: 18 Local System AS: 0
  Number of flaps: 0
  Peer ID: 10.9.18.9       Local ID: 10.0.0.18         Active Holdtime: 90
  Keepalive Interval: 30         Peer index: 1   
  BFD: disabled, down
  Local Interface: em1.0                            
  NLRI for restart configured on peer: inet-unicast
  NLRI advertised by peer: inet-unicast
  NLRI for this session: inet-unicast
  Peer supports Refresh capability (2)
  Stale routes from peer are kept for: 300
  Peer does not support Restarter functionality
  NLRI that restart is negotiated for: inet-unicast
  NLRI of received end-of-rib markers: inet-unicast
  NLRI of all end-of-rib markers sent: inet-unicast
  Peer supports 4 byte AS extension (peer-as 9)
  Peer does not support Addpath
  Table inet.0 Bit: 10000               
    RIB State: BGP restart is complete
    Send state: in sync
    Active prefixes:              0
    Received prefixes:            9
    Accepted prefixes:            9
    Suppressed due to damping:    0
    Advertised prefixes:          16
  Last traffic (seconds): Received 2    Sent 15   Checked 10  
  Input messages:  Total 67	Updates 5	Refreshes 0 	Octets 1501
  Output messages: Total 48	Updates 3	Refreshes 0 	Octets 1159
  Output Queue[0]: 0

Peer: 10.10.18.10+179 AS 10    Local: 10.10.18.18+59430 AS 18   
  Type: External    State: Established    Flags: <ImportEval Sync>
  Last State: OpenConfirm   Last Event: RecvKeepAlive
  Last Error: None
  Export: [ REDISTRIBUTE-TO-BGP ] 
  Options: <Preference PeerAS LocalAS Refresh>
  Holdtime: 90 Preference: 170 Local AS: 18 Local System AS: 0
  Number of flaps: 0
  Peer ID: 10.10.18.10     Local ID: 10.0.0.18         Active Holdtime: 90
  Keepalive Interval: 30         Peer index: 0   
  BFD: disabled, down                   
  Local Interface: em0.0                            
  NLRI for restart configured on peer: inet-unicast
  NLRI advertised by peer: inet-unicast
  NLRI for this session: inet-unicast
  Peer supports Refresh capability (2)
  Stale routes from peer are kept for: 300
  Peer does not support Restarter functionality
  NLRI that restart is negotiated for: inet-unicast
  NLRI of received end-of-rib markers: inet-unicast
  NLRI of all end-of-rib markers sent: inet-unicast
  Peer supports 4 byte AS extension (peer-as 10)
  Peer does not support Addpath
  Table inet.0 Bit: 10000
    RIB State: BGP restart is complete
    Send state: in sync
    Active prefixes:              8
    Received prefixes:            9
    Accepted prefixes:            9
    Suppressed due to damping:    0
    Advertised prefixes:          8
  Last traffic (seconds): Received 3    Sent 24   Checked 10  
  Input messages:  Total 65	Updates 3	Refreshes 0 	Octets 1362
  Output messages: Total 53     Updates 7	Refreshes 0 	Octets 1271
  Output Queue[0]: 0

root@J18> 

root@J18> 


