root@J5> show rsvp neighbor 
RSVP neighbor: 2 learned
Address            Idle Up/Dn LastChange HelloInt HelloTx/Rx MsgRcvd
10.2.5.2              5  1/0       21:36        9   151/151  167
10.1.5.1              5  1/0       21:36        9   151/151  183

root@J5> show rsvp interface 
RSVP interface: 3 active
                  Active Subscr- Static      Available   Reserved    Highwater
Interface   State resv   iption  BW          BW          BW          mark
em0.0       Up         3   100%  1000Mbps    1000Mbps    0bps        0bps       
em1.0       Up         1   100%  1000Mbps    1000Mbps    0bps        0bps       
em3.0       Up         0   100%  1000Mbps    1000Mbps    0bps        0bps       

root@J5> show rsvp session 
Ingress RSVP: 7 sessions
To              From            State   Rt Style Labelin Labelout LSPname 
10.0.0.6        10.0.0.5        Up       0  1 FF       -   299856 J5-TO-J6
10.0.0.7        10.0.0.5        Up       0  1 FF       -   299872 J5-TO-J7
10.0.0.8        10.0.0.5        Up       0  1 FF       -   299888 J5-TO-J8
10.0.0.9        10.0.0.5        Dn       0  0  -       -        - J5-TO-J9
10.0.0.10       10.0.0.5        Dn       0  0  -       -        - J5-TO-J10
10.0.0.11       10.0.0.5        Up       0  1 FF       -   300208 J5-TO-J11
10.0.0.12       10.0.0.5        Dn       0  0  -       -        - J5-TO-J12
Total 7 displayed, Up 4, Down 3

Egress RSVP: 6 sessions
To              From            State   Rt Style Labelin Labelout LSPname 
10.0.0.5        10.0.0.11       Up       0  1 FF       3        - J11-TO-J5
10.0.0.5        10.0.0.9        Up       0  1 FF       3        - J9-TO-J5
10.0.0.5        10.0.0.7        Up       0  1 FF       3        - J7-TO-J5
10.0.0.5        10.0.0.8        Up       0  1 FF       3        - J8-TO-J5
10.0.0.5        10.0.0.12       Up       0  1 FF       3        - J12-TO-J5
10.0.0.5        10.0.0.6        Up       0  1 FF       3        - J6-TO-J5
Total 6 displayed, Up 6, Down 0

Transit RSVP: 0 sessions
Total 0 displayed, Up 0, Down 0
                                        
root@J5> 

root@J5> show rouet
              ^
syntax error, expecting <command>.
root@J5> show route table mpls 

mpls.0: 10 destinations, 10 routes (10 active, 0 holddown, 0 hidden)
+ = Active Route, - = Last Active, * = Both

0                  *[MPLS/0] 00:23:24, metric 1
                      Receive
1                  *[MPLS/0] 00:23:24, metric 1
                      Receive
2                  *[MPLS/0] 00:23:24, metric 1
                      Receive
13                 *[MPLS/0] 00:23:24, metric 1
                      Receive
299776             *[LDP/9] 00:22:27, metric 1
                    > to 10.1.5.1 via em0.0, Swap 299840
299792             *[LDP/9] 00:22:06, metric 1
                    > to 10.1.5.1 via em0.0, Swap 299904
299808             *[LDP/9] 00:13:30, metric 1
                    > to 10.1.5.1 via em0.0, Swap 300032
                      to 10.2.5.2 via em1.0, Swap 299888
299824             *[LDP/9] 00:13:30, metric 1
                    > to 10.1.5.1 via em0.0, Swap 300048
                      to 10.2.5.2 via em1.0, Swap 299904
299840             *[LDP/9] 00:13:39, metric 1
                    > to 10.2.5.2 via em1.0, Swap 299984
299856             *[LDP/9] 00:13:12, metric 1
                    > to 10.2.5.2 via em1.0, Swap 300048

root@J5> 

root@J5> show rsvp neighbor detail 
RSVP neighbor: 2 learned
Address: 10.2.5.2 via: em1.0 status: Up
  Last changed time: 22:12, Idle: 0 sec, Up cnt: 1, Down cnt: 0
  Message received: 171
  Hello: sent 155, received: 155, interval: 9 sec
  Remote instance: 0xaa3a6a27, Local instance: 0x5a191804
  Refresh reduction:  not operational

Address: 10.1.5.1 via: em0.0 status: Up
  Last changed time: 22:12, Idle: 5 sec, Up cnt: 1, Down cnt: 0
  Message received: 188
  Hello: sent 155, received: 155, interval: 9 sec
  Remote instance: 0xfd3f6c10, Local instance: 0xb63d6809
  Refresh reduction:  not operational

root@J5> 